exports[`NotifyTierChange snapshots renders plans appropriately (Chihuahua -> Labrador) 1`] = `
<App
  authenticity_token="csrf_token"
  plans={
    Array [
      Object {
        "allowance": 4,
        "current": true,
        "name": "Chihuahua",
        "price": 49,
      },
      Object {
        "allowance": 10,
        "current": false,
        "name": "Labrador",
        "price": 99,
      },
      Object {
        "allowance": 30,
        "current": false,
        "name": "Great Dane",
        "price": 249,
      },
    ]
  }
  repo_id={1}
  repo_name="Test repo" />
`;

exports[`NotifyTierChange snapshots renders plans appropriately (Labrador -> Great Dane) 1`] = `
<App
  authenticity_token="csrf_token"
  plans={
    Array [
      Object {
        "allowance": 4,
        "current": false,
        "name": "Chihuahua",
        "price": 49,
      },
      Object {
        "allowance": 10,
        "current": true,
        "name": "Labrador",
        "price": 99,
      },
      Object {
        "allowance": 30,
        "current": false,
        "name": "Great Dane",
        "price": 249,
      },
    ]
  }
  repo_id={1}
  repo_name="Test repo" />
`;
