// Jest Snapshot v1, https://goo.gl/fbAQLP

exports[`renders a list of organizations appropriately 1`] = `
<section
  className="organizations"
>
  <Organization
    filterTerm=""
    isProcessingId={null}
    key="1"
    name="Test org"
    onRepoClicked={[MockFunction]}
    ownerId={1}
    repos={
      Array [
        Object {
          "id": 1,
          "name": "Test repo",
          "owner": Object {
            "id": 1,
          },
        },
      ]
    }
  />
</section>
`;
