// Jest Snapshot v1, https://goo.gl/fbAQLP

exports[`renders an organization with ID appropriately (no repo processing) 1`] = `
<div
  className="organization"
  data-org-name="Test org"
>
  <header
    className="organization-header"
  >
    <h2
      className="organization-header-title"
    >
      Test org
    </h2>
    <OrganizationConfiguration
      repos={
        Array [
          Object {
            "id": 1,
            "name": "Test repo",
          },
        ]
      }
    />
  </header>
  <section
    className="repo_listing"
  >
    <RepoList
      filterTerm=""
      isProcessingId={null}
      onRepoClicked={[MockFunction]}
      repos={
        Array [
          Object {
            "id": 1,
            "name": "Test repo",
          },
        ]
      }
    />
  </section>
</div>
`;
