// Jest Snapshot v1, https://goo.gl/fbAQLP

exports[`renders the allowance header 1`] = `
<div
  className="allowance"
>
  Private Repos 
  <strong>
    <span
      data-role="subscribed-repo-count"
    >
      4
    </span>
     / 
    <span
      data-role="tier-allowance"
    >
      10
    </span>
  </strong>
</div>
`;
