// Jest Snapshot v1, https://goo.gl/fbAQLP

exports[`renders a repo appropriately 1`] = `
<li
  className="repo"
>
  <div
    className="repo-name"
  >
    Test repo
  </div>
  <div
    className="repo-activation-toggle"
  >
    <RepoActivationButton
      isProcessingId={null}
      onRepoClicked={[MockFunction]}
      repo={
        Object {
          "id": 1,
          "name": "Test repo",
          "owner": Object {
            "id": 1,
          },
        }
      }
    />
  </div>
</li>
`;
