// Jest Snapshot v1, https://goo.gl/fbAQLP

exports[`renders a list of repos appropriately 1`] = `
<PopulatedRepoList
  filterTerm=""
  isProcessingId={null}
  onRepoClicked={[MockFunction]}
  repos={
    Array [
      Object {
        "id": 1,
        "name": "Test repo",
        "owner": Object {
          "id": 1,
        },
      },
    ]
  }
/>
`;
