// Jest Snapshot v1, https://goo.gl/fbAQLP

exports[`RepoToolsAdd component renders the button to add repos 1`] = `
<div
  className="repo-tools-add"
>
  <a
    className="button repo-tools-add-button"
    href="https://github.com/apps/undefined/installations/new"
  >
    Add GitHub repos
  </a>
</div>
`;
